// Jest Snapshot v1, https://goo.gl/fbAQLP

exports[`<Modal/> Modal rendered AND EDIT_USER Mutation is working 1`] = `
Object {
  "asFragment": [Function],
  "baseElement": <body>
    <div>
      <div
        class="modalContainer"
      >
        <div
          class="modal"
        >
          <h1>
            Edit User Data:
          </h1>
          <form>
            <label>
              Title
            </label>
            <input
              class="modal-input"
              value="Mr"
            />
            <label>
              First Name
            </label>
            <input
              class="modal-input"
              value="Emilio"
            />
            <label>
              Last Name
            </label>
            <input
              class="modal-input"
              value="Alvarez"
            />
            <label>
              Email
            </label>
            <input
              class="modal-input"
              value="emilio.alvarez@example.com"
            />
            <div>
              <button
                class="modal-button modal-close"
                data-placement="left"
                data-toggle="tooltip"
                title="Close without changes"
              >
                <i
                  class="fas fa-times"
                />
                 Close
              </button>
              <button
                class="modal-button modal-edit"
                data-placement="right"
                data-toggle="tooltip"
                title="Edit User Data"
                type="submit"
              >
                <i
                  class="fas fa-edit"
                />
                 Edit
              </button>
            </div>
          </form>
        </div>
      </div>
    </div>
  </body>,
  "container": <div>
    <div
      class="modalContainer"
    >
      <div
        class="modal"
      >
        <h1>
          Edit User Data:
        </h1>
        <form>
          <label>
            Title
          </label>
          <input
            class="modal-input"
            value="Mr"
          />
          <label>
            First Name
          </label>
          <input
            class="modal-input"
            value="Emilio"
          />
          <label>
            Last Name
          </label>
          <input
            class="modal-input"
            value="Alvarez"
          />
          <label>
            Email
          </label>
          <input
            class="modal-input"
            value="emilio.alvarez@example.com"
          />
          <div>
            <button
              class="modal-button modal-close"
              data-placement="left"
              data-toggle="tooltip"
              title="Close without changes"
            >
              <i
                class="fas fa-times"
              />
               Close
            </button>
            <button
              class="modal-button modal-edit"
              data-placement="right"
              data-toggle="tooltip"
              title="Edit User Data"
              type="submit"
            >
              <i
                class="fas fa-edit"
              />
               Edit
            </button>
          </div>
        </form>
      </div>
    </div>
  </div>,
  "debug": [Function],
  "findAllByAltText": [Function],
  "findAllByDisplayValue": [Function],
  "findAllByLabelText": [Function],
  "findAllByPlaceholderText": [Function],
  "findAllByRole": [Function],
  "findAllByTestId": [Function],
  "findAllByText": [Function],
  "findAllByTitle": [Function],
  "findByAltText": [Function],
  "findByDisplayValue": [Function],
  "findByLabelText": [Function],
  "findByPlaceholderText": [Function],
  "findByRole": [Function],
  "findByTestId": [Function],
  "findByText": [Function],
  "findByTitle": [Function],
  "getAllByAltText": [Function],
  "getAllByDisplayValue": [Function],
  "getAllByLabelText": [Function],
  "getAllByPlaceholderText": [Function],
  "getAllByRole": [Function],
  "getAllByTestId": [Function],
  "getAllByText": [Function],
  "getAllByTitle": [Function],
  "getByAltText": [Function],
  "getByDisplayValue": [Function],
  "getByLabelText": [Function],
  "getByPlaceholderText": [Function],
  "getByRole": [Function],
  "getByTestId": [Function],
  "getByText": [Function],
  "getByTitle": [Function],
  "queryAllByAltText": [Function],
  "queryAllByDisplayValue": [Function],
  "queryAllByLabelText": [Function],
  "queryAllByPlaceholderText": [Function],
  "queryAllByRole": [Function],
  "queryAllByTestId": [Function],
  "queryAllByText": [Function],
  "queryAllByTitle": [Function],
  "queryByAltText": [Function],
  "queryByDisplayValue": [Function],
  "queryByLabelText": [Function],
  "queryByPlaceholderText": [Function],
  "queryByRole": [Function],
  "queryByTestId": [Function],
  "queryByText": [Function],
  "queryByTitle": [Function],
  "rerender": [Function],
  "unmount": [Function],
}
`;
