// Jest Snapshot v1, https://goo.gl/fbAQLP

exports[`<UserField/> UserField rendered 1`] = `
Object {
  "asFragment": [Function],
  "baseElement": <body>
    <div>
      <div
        class="twoToneCard"
      >
        <div
          class="top"
        />
        <img
          alt="profile-pic"
          class="profile"
          src="test.jpg"
        />
        <h2>
          <span>
            Mr
          </span>
          Test
           
          123
        </h2>
        <div
          class="bottom"
        >
          <span
            class="email"
            data-placement="left"
            data-toggle="tooltip"
            title="Copy Email: test@test.com to clipboard"
          >
            <i
              class="fas fa-envelope"
            />
             
            Email
          </span>
          <span
            class="edit"
            data-placement="right"
            data-toggle="tooltip"
            title="Edit User Data"
          >
            <i
              class="fas fa-edit"
            />
             Edit
          </span>
        </div>
      </div>
    </div>
  </body>,
  "container": <div>
    <div
      class="twoToneCard"
    >
      <div
        class="top"
      />
      <img
        alt="profile-pic"
        class="profile"
        src="test.jpg"
      />
      <h2>
        <span>
          Mr
        </span>
        Test
         
        123
      </h2>
      <div
        class="bottom"
      >
        <span
          class="email"
          data-placement="left"
          data-toggle="tooltip"
          title="Copy Email: test@test.com to clipboard"
        >
          <i
            class="fas fa-envelope"
          />
           
          Email
        </span>
        <span
          class="edit"
          data-placement="right"
          data-toggle="tooltip"
          title="Edit User Data"
        >
          <i
            class="fas fa-edit"
          />
           Edit
        </span>
      </div>
    </div>
  </div>,
  "debug": [Function],
  "findAllByAltText": [Function],
  "findAllByDisplayValue": [Function],
  "findAllByLabelText": [Function],
  "findAllByPlaceholderText": [Function],
  "findAllByRole": [Function],
  "findAllByTestId": [Function],
  "findAllByText": [Function],
  "findAllByTitle": [Function],
  "findByAltText": [Function],
  "findByDisplayValue": [Function],
  "findByLabelText": [Function],
  "findByPlaceholderText": [Function],
  "findByRole": [Function],
  "findByTestId": [Function],
  "findByText": [Function],
  "findByTitle": [Function],
  "getAllByAltText": [Function],
  "getAllByDisplayValue": [Function],
  "getAllByLabelText": [Function],
  "getAllByPlaceholderText": [Function],
  "getAllByRole": [Function],
  "getAllByTestId": [Function],
  "getAllByText": [Function],
  "getAllByTitle": [Function],
  "getByAltText": [Function],
  "getByDisplayValue": [Function],
  "getByLabelText": [Function],
  "getByPlaceholderText": [Function],
  "getByRole": [Function],
  "getByTestId": [Function],
  "getByText": [Function],
  "getByTitle": [Function],
  "queryAllByAltText": [Function],
  "queryAllByDisplayValue": [Function],
  "queryAllByLabelText": [Function],
  "queryAllByPlaceholderText": [Function],
  "queryAllByRole": [Function],
  "queryAllByTestId": [Function],
  "queryAllByText": [Function],
  "queryAllByTitle": [Function],
  "queryByAltText": [Function],
  "queryByDisplayValue": [Function],
  "queryByLabelText": [Function],
  "queryByPlaceholderText": [Function],
  "queryByRole": [Function],
  "queryByTestId": [Function],
  "queryByText": [Function],
  "queryByTitle": [Function],
  "rerender": [Function],
  "unmount": [Function],
}
`;
